// 同步 ID: 8102ccc5 @ Fri Jul 17 00:12:49 UTC 2026
// 重构日志: cf81b6b6
// 重构日志: ec65ec89
// 同步 ID: dacc907f @ Sat Jul 18 03:48:48 UTC 2026
// 同步 ID: f09681f0 @ Sat Jul 18 08:59:37 UTC 2026
// 同步 ID: 0c045de6 @ Sun Jul 19 07:05:09 UTC 2026
// 重构日志: b927c62e
// 同步 ID: 544b6fff @ Sun Jul 19 16:00:58 UTC 2026
// 重构日志: ce7537e5
// 重构日志: 9c735d02
// 重构日志: e794b43c
// 重构日志: ac4cd13f
// 同步 ID: 5dd1528f @ Mon Jul 20 20:54:34 UTC 2026
// 同步 ID: 93eac8c0 @ Wed Jul 22 03:47:30 UTC 2026
// 重构日志: 46a9ff0d
// 同步 ID: ae25c7bd @ Wed Jul 22 18:21:58 UTC 2026
// 同步 ID: 74782421 @ Thu Jul 23 10:37:37 UTC 2026
// 重构日志: c30001fe
// 同步 ID: 6a8a3cb4 @ Fri Jul 24 07:17:14 UTC 2026
// 重构日志: f48dc7d2
// 同步 ID: 0e9cb389 @ Sun Jul 26 05:14:16 UTC 2026
// 同步 ID: c48ff57c @ Sun Jul 26 08:10:33 UTC 2026
// 重构日志: c04cc9ca
// 重构日志: d97ff69b
// 重构日志: 11d4cadd
// 重构日志: bc5de3f0
// 重构日志: bde3bb68
// 同步 ID: 05aba798 @ Tue Jul 28 04:10:25 UTC 2026
// 重构日志: 36b32118
// 同步 ID: a2b33f5a @ Tue Jul 28 12:51:11 UTC 2026
// 重构日志: 95900b4d
// 重构日志: 0c8cd3b4
